2026-08-30 02:45:30.662 [UI] NOTICE GuessWhoAppDelegate.application(_:didFinishLaunchingWithOptions:):103 label=app.lifecycle category=default msg="app didFinishLaunching" hasLaunchOptions=false hasURL=false
2026-08-30 02:45:30.666 [BG] NOTICE LinkedInLocalhostReceiver.startOnQueue():118 label=app.linkedin-handoff.chrome category=default msg="listening on 127.0.0.1:57231 (allowed origins: chrome-extension://alnaedlcjmeghdgbejppfmjgmhhoaami)"
2026-08-30 02:45:30.799 [BG] INFO CNContactStoreAdapter.fetchAll():254 label=sync.contact-fetch category=default msg="full contact fetch started" fetchID=1 generation=0 requestedOptionalKeys=27
2026-08-30 02:45:30.802 [UI] NOTICE GuessWhoSceneDelegate.scene(_:willConnectTo:options:):62 label=app.lifecycle.scene category=default msg="scene willConnect" activationState=unattached role=UIWindowSceneSessionRoleApplication scene=AB91902A-A541-4091-A4CA-0738FC6EBE36 urlContextCount=0
2026-08-30 02:45:30.857 [UI] NOTICE GuessWhoSceneDelegate.startNavBenchmarkIfRequested(appDelegate:):2682 label=app.nav-benchmark category=default msg="nav benchmark armed; waiting for startup idle"
2026-08-30 02:45:30.857 [UI] NOTICE GuessWhoSceneDelegate.sceneWillEnterForeground(_:):157 label=app.lifecycle.scene category=default msg="scene willEnterForeground" scene=AB91902A-A541-4091-A4CA-0738FC6EBE36
2026-08-30 02:45:30.857 [UI] NOTICE GuessWhoSceneDelegate.sceneDidBecomeActive(_:):161 label=app.lifecycle.scene category=default msg="scene didBecomeActive" scene=AB91902A-A541-4091-A4CA-0738FC6EBE36
2026-08-30 02:45:31.362 [BG] INFO EKEventStoreAdapter.invalidateLocked(reason:):616 label=sync.eventkit-fetch category=default msg="EventKit window cache invalidated" generation=1 reason=calendar-access-request
2026-08-30 02:45:31.392 [UI] INFO EventsRepository.reload(token:trigger:):422 label=app.events-reload category=default msg="events window reload started" filter=showAll from=1785465930.657443 generation=1 to=1795837530.657443 trigger=app-launch
2026-08-30 02:45:31.392 [BG] INFO EKEventStoreAdapter.runUnderlyingWindowFetch(in:):167 label=sync.eventkit-fetch category=default msg="EventKit window fetch started" fetchID=4DACED76-7AF7-42E8-A3C6-65254CBD0A4A from=1785465930.657443 to=1795837530.657443
2026-08-30 02:45:31.676 [UI] INFO SidecarFileWatcher.queryDidFinishGathering(_:):270 label=sync.sidecar-file-watcher category=default msg="sidecar metadata query gathered" results=1281
2026-08-30 02:45:32.070 [BG] INFO EKEventStoreAdapter.runUnderlyingWindowFetch(in:):178 label=sync.eventkit-fetch category=default msg="EventKit window fetch finished" durationMs=677.616292 events=1570 fetchID=4DACED76-7AF7-42E8-A3C6-65254CBD0A4A from=1785465930.657443 to=1795837530.657443
2026-08-30 02:45:32.256 [UI] INFO EventsRepository.reload(token:trigger:):459 label=app.events-reload category=default msg="events window reload published" events=1287 generation=1 trigger=app-launch
2026-08-30 02:45:32.370 [UI] INFO SidecarFileWatcher.processSidecarChanges(added:changed:removed:changedKeys:conflictScanScope:):526 label=sync.sidecar-file-watcher category=default msg="sidecar files changed" added=1281 changed=1281 removed=0
2026-08-30 02:45:32.682 [UI] INFO EventsRepository.reload(token:trigger:):422 label=app.events-reload category=default msg="events window reload started" filter=showAll from=1785465930.657443 generation=2 to=1795837530.657443 trigger=notifications:GuessWhoSidecarsDidChange
2026-08-30 02:45:32.683 [BG] INFO EKEventStoreAdapter.fetch(interval:operation:):642 label=sync.eventkit-fetch category=default msg="EventKit window fetch cache hit" from=1785465930.657443 generation=1 to=1795837530.657443
2026-08-30 02:45:32.893 [UI] INFO EventsRepository.reload(token:trigger:):459 label=app.events-reload category=default msg="events window reload published" events=1287 generation=2 trigger=notifications:GuessWhoSidecarsDidChange
2026-08-30 02:45:34.865 [BG] INFO CNContactStoreAdapter.finishFetchAll(_:):277 label=sync.contact-fetch category=default msg="full contact fetch finished" callers=1 contacts=1662 durationMs=4066.612292 fetchID=1
2026-08-30 02:45:35.909 [UI] INFO SidecarFileWatcher.processSidecarChanges(added:changed:removed:changedKeys:conflictScanScope:):526 label=sync.sidecar-file-watcher category=default msg="sidecar files changed" added=0 changed=1 removed=0
2026-08-30 02:45:36.219 [UI] INFO EventsRepository.reload(token:trigger:):422 label=app.events-reload category=default msg="events window reload started" filter=showAll from=1785465930.657443 generation=3 to=1795837530.657443 trigger=notifications:GuessWhoSidecarsDidChange
2026-08-30 02:45:36.223 [BG] INFO EKEventStoreAdapter.fetch(interval:operation:):642 label=sync.eventkit-fetch category=default msg="EventKit window fetch cache hit" from=1785465930.657443 generation=1 to=1795837530.657443
2026-08-30 02:45:36.431 [UI] INFO EventsRepository.reload(token:trigger:):459 label=app.events-reload category=default msg="events window reload published" events=1287 generation=3 trigger=notifications:GuessWhoSidecarsDidChange
2026-08-30 02:45:36.958 [UI] INFO SidecarFileWatcher.processSidecarChanges(added:changed:removed:changedKeys:conflictScanScope:):526 label=sync.sidecar-file-watcher category=default msg="sidecar files changed" added=0 changed=3 removed=0
2026-08-30 02:45:37.267 [UI] INFO EventsRepository.reload(token:trigger:):422 label=app.events-reload category=default msg="events window reload started" filter=showAll from=1785465930.657443 generation=4 to=1795837530.657443 trigger=notifications:GuessWhoSidecarsDidChange
2026-08-30 02:45:37.267 [BG] INFO EKEventStoreAdapter.fetch(interval:operation:):642 label=sync.eventkit-fetch category=default msg="EventKit window fetch cache hit" from=1785465930.657443 generation=1 to=1795837530.657443
2026-08-30 02:45:37.461 [UI] INFO EventsRepository.reload(token:trigger:):459 label=app.events-reload category=default msg="events window reload published" events=1287 generation=4 trigger=notifications:GuessWhoSidecarsDidChange
2026-08-30 02:45:38.097 [UI] INFO SidecarFileWatcher.processSidecarChanges(added:changed:removed:changedKeys:conflictScanScope:):526 label=sync.sidecar-file-watcher category=default msg="sidecar files changed" added=0 changed=3 removed=0
2026-08-30 02:45:38.412 [UI] INFO EventsRepository.reload(token:trigger:):422 label=app.events-reload category=default msg="events window reload started" filter=showAll from=1785465930.657443 generation=5 to=1795837530.657443 trigger=notifications:GuessWhoSidecarsDidChange
2026-08-30 02:45:38.413 [BG] INFO EKEventStoreAdapter.fetch(interval:operation:):642 label=sync.eventkit-fetch category=default msg="EventKit window fetch cache hit" from=1785465930.657443 generation=1 to=1795837530.657443
2026-08-30 02:45:38.594 [UI] INFO EventsRepository.reload(token:trigger:):459 label=app.events-reload category=default msg="events window reload published" events=1287 generation=5 trigger=notifications:GuessWhoSidecarsDidChange
2026-08-30 02:45:39.236 [UI] INFO SidecarFileWatcher.processSidecarChanges(added:changed:removed:changedKeys:conflictScanScope:):526 label=sync.sidecar-file-watcher category=default msg="sidecar files changed" added=0 changed=1 removed=0
2026-08-30 02:45:40.452 [UI] INFO SidecarFileWatcher.processSidecarChanges(added:changed:removed:changedKeys:conflictScanScope:):526 label=sync.sidecar-file-watcher category=default msg="sidecar files changed" added=0 changed=2 removed=0
2026-08-30 02:45:40.760 [UI] INFO EventsRepository.reload(token:trigger:):422 label=app.events-reload category=default msg="events window reload started" filter=showAll from=1785465930.657443 generation=6 to=1795837530.657443 trigger=notifications:GuessWhoSidecarsDidChange
2026-08-30 02:45:40.760 [BG] INFO EKEventStoreAdapter.fetch(interval:operation:):642 label=sync.eventkit-fetch category=default msg="EventKit window fetch cache hit" from=1785465930.657443 generation=1 to=1795837530.657443
2026-08-30 02:45:40.965 [UI] INFO EventsRepository.reload(token:trigger:):459 label=app.events-reload category=default msg="events window reload published" events=1287 generation=6 trigger=notifications:GuessWhoSidecarsDidChange
2026-08-30 02:45:46.619 [UI] NOTICE GuessWhoSceneDelegate.runNavBenchmark(appDelegate:):2712 label=app.nav-benchmark category=default msg="nav benchmark: opening contact A"
2026-08-30 02:45:47.769 [BG] INFO EKEventStoreAdapter.eventsWithAttendee(matchingEmails:orLocations:in:limit:):301 label=sync.eventkit-fetch category=default msg="EventKit attendee window fetch started" emails=1 fetchID=3F2B2413-A09E-47FF-879D-72C052B30CCC from=1472525147.769273 limit=10 locations=0 to=1819593947.769273
2026-08-30 02:45:47.787 [UI] NOTICE ContactsRepository.contactPhotoData(for:kind:):1110 label=sync.contact-photo category=default msg="full-size photo unavailable; serving thumbnail" imageDataAvailable=false localID=E97B5916-C8D7-42F8-BDD3-0EB28E36BF6E:ABPerson thumbnailBytes=4986
2026-08-30 02:45:51.409 [BG] INFO EKEventStoreAdapter.eventsWithAttendee(matchingEmails:orLocations:in:limit:):349 label=sync.eventkit-fetch category=default msg="EventKit attendee window fetch finished" durationMs=3639.050125 events=0 fetchID=3F2B2413-A09E-47FF-879D-72C052B30CCC from=1472525147.769273 to=1819593947.769273
2026-08-30 02:45:52.090 [UI] INFO SidecarFileWatcher.processSidecarChanges(added:changed:removed:changedKeys:conflictScanScope:):526 label=sync.sidecar-file-watcher category=default msg="sidecar files changed" added=0 changed=1 removed=0
2026-08-30 02:45:52.404 [UI] INFO EventsRepository.reload(token:trigger:):422 label=app.events-reload category=default msg="events window reload started" filter=showAll from=1785465930.657443 generation=7 to=1795837530.657443 trigger=notifications:GuessWhoSidecarsDidChange
2026-08-30 02:45:52.407 [BG] INFO EKEventStoreAdapter.runUnderlyingWindowFetch(in:):167 label=sync.eventkit-fetch category=default msg="EventKit window fetch started" fetchID=13899F5E-2865-4AAB-A485-7CAC80D55C3B from=1785465930.657443 to=1795837530.657443
2026-08-30 02:45:52.573 [BG] INFO EKEventStoreAdapter.runUnderlyingWindowFetch(in:):178 label=sync.eventkit-fetch category=default msg="EventKit window fetch finished" durationMs=166.169916 events=1570 fetchID=13899F5E-2865-4AAB-A485-7CAC80D55C3B from=1785465930.657443 to=1795837530.657443
2026-08-30 02:45:52.724 [UI] INFO EventsRepository.reload(token:trigger:):459 label=app.events-reload category=default msg="events window reload published" events=1287 generation=7 trigger=notifications:GuessWhoSidecarsDidChange
2026-08-30 02:45:53.095 [UI] INFO SidecarFileWatcher.processSidecarChanges(added:changed:removed:changedKeys:conflictScanScope:):526 label=sync.sidecar-file-watcher category=default msg="sidecar files changed" added=0 changed=3 removed=0
2026-08-30 02:45:53.404 [UI] INFO EventsRepository.reload(token:trigger:):422 label=app.events-reload category=default msg="events window reload started" filter=showAll from=1785465930.657443 generation=8 to=1795837530.657443 trigger=notifications:GuessWhoSidecarsDidChange
2026-08-30 02:45:53.404 [BG] INFO EKEventStoreAdapter.fetch(interval:operation:):642 label=sync.eventkit-fetch category=default msg="EventKit window fetch cache hit" from=1785465930.657443 generation=1 to=1795837530.657443
2026-08-30 02:45:53.594 [UI] INFO EventsRepository.reload(token:trigger:):459 label=app.events-reload category=default msg="events window reload published" events=1287 generation=8 trigger=notifications:GuessWhoSidecarsDidChange
2026-08-30 02:45:54.226 [UI] INFO SidecarFileWatcher.processSidecarChanges(added:changed:removed:changedKeys:conflictScanScope:):526 label=sync.sidecar-file-watcher category=default msg="sidecar files changed" added=0 changed=3 removed=0
2026-08-30 02:45:54.528 [UI] INFO EventsRepository.reload(token:trigger:):422 label=app.events-reload category=default msg="events window reload started" filter=showAll from=1785465930.657443 generation=9 to=1795837530.657443 trigger=notifications:GuessWhoSidecarsDidChange
2026-08-30 02:45:54.528 [BG] INFO EKEventStoreAdapter.fetch(interval:operation:):642 label=sync.eventkit-fetch category=default msg="EventKit window fetch cache hit" from=1785465930.657443 generation=1 to=1795837530.657443
2026-08-30 02:45:54.702 [UI] INFO EventsRepository.reload(token:trigger:):459 label=app.events-reload category=default msg="events window reload published" events=1287 generation=9 trigger=notifications:GuessWhoSidecarsDidChange
2026-08-30 02:45:54.714 [UI] NOTICE GuessWhoSceneDelegate.runNavBenchmark(appDelegate:):2717 label=app.nav-benchmark category=default msg="nav benchmark: opening contact B"
2026-08-30 02:45:55.287 [UI] INFO SidecarFileWatcher.processSidecarChanges(added:changed:removed:changedKeys:conflictScanScope:):526 label=sync.sidecar-file-watcher category=default msg="sidecar files changed" added=0 changed=1 removed=0
2026-08-30 02:45:55.743 [BG] INFO EKEventStoreAdapter.eventsWithAttendee(matchingEmails:orLocations:in:limit:):301 label=sync.eventkit-fetch category=default msg="EventKit attendee window fetch started" emails=3 fetchID=F4E6B87F-B131-49BD-83ED-CFD8D13DEA5C from=1472525155.742578 limit=10 locations=0 to=1819593955.742578
2026-08-30 02:45:56.378 [UI] INFO SidecarFileWatcher.processSidecarChanges(added:changed:removed:changedKeys:conflictScanScope:):526 label=sync.sidecar-file-watcher category=default msg="sidecar files changed" added=0 changed=1 removed=0
2026-08-30 02:45:56.687 [UI] INFO EventsRepository.reload(token:trigger:):422 label=app.events-reload category=default msg="events window reload started" filter=showAll from=1785465930.657443 generation=10 to=1795837530.657443 trigger=notifications:GuessWhoSidecarsDidChange
2026-08-30 02:45:56.687 [BG] INFO EKEventStoreAdapter.fetch(interval:operation:):642 label=sync.eventkit-fetch category=default msg="EventKit window fetch cache hit" from=1785465930.657443 generation=1 to=1795837530.657443
2026-08-30 02:45:56.876 [UI] INFO EventsRepository.reload(token:trigger:):459 label=app.events-reload category=default msg="events window reload published" events=1287 generation=10 trigger=notifications:GuessWhoSidecarsDidChange
2026-08-30 02:45:57.279 [BG] INFO EKEventStoreAdapter.eventsWithAttendee(matchingEmails:orLocations:in:limit:):349 label=sync.eventkit-fetch category=default msg="EventKit attendee window fetch finished" durationMs=1535.857916 events=0 fetchID=F4E6B87F-B131-49BD-83ED-CFD8D13DEA5C from=1472525155.742578 to=1819593955.742578
2026-08-30 02:45:57.510 [UI] INFO SidecarFileWatcher.processSidecarChanges(added:changed:removed:changedKeys:conflictScanScope:):526 label=sync.sidecar-file-watcher category=default msg="sidecar files changed" added=0 changed=1 removed=0
2026-08-30 02:45:58.612 [UI] INFO SidecarFileWatcher.processSidecarChanges(added:changed:removed:changedKeys:conflictScanScope:):526 label=sync.sidecar-file-watcher category=default msg="sidecar files changed" added=0 changed=3 removed=0
2026-08-30 02:45:58.922 [UI] INFO EventsRepository.reload(token:trigger:):422 label=app.events-reload category=default msg="events window reload started" filter=showAll from=1785465930.657443 generation=11 to=1795837530.657443 trigger=notifications:GuessWhoSidecarsDidChange
2026-08-30 02:45:58.924 [BG] INFO EKEventStoreAdapter.fetch(interval:operation:):642 label=sync.eventkit-fetch category=default msg="EventKit window fetch cache hit" from=1785465930.657443 generation=1 to=1795837530.657443
2026-08-30 02:45:59.107 [UI] INFO EventsRepository.reload(token:trigger:):459 label=app.events-reload category=default msg="events window reload published" events=1287 generation=11 trigger=notifications:GuessWhoSidecarsDidChange
2026-08-30 02:45:59.621 [UI] INFO SidecarFileWatcher.processSidecarChanges(added:changed:removed:changedKeys:conflictScanScope:):526 label=sync.sidecar-file-watcher category=default msg="sidecar files changed" added=0 changed=2 removed=0
2026-08-30 02:46:00.812 [UI] INFO SidecarFileWatcher.processSidecarChanges(added:changed:removed:changedKeys:conflictScanScope:):526 label=sync.sidecar-file-watcher category=default msg="sidecar files changed" added=0 changed=2 removed=0
2026-08-30 02:46:01.132 [UI] INFO EventsRepository.reload(token:trigger:):422 label=app.events-reload category=default msg="events window reload started" filter=showAll from=1785465930.657443 generation=12 to=1795837530.657443 trigger=notifications:GuessWhoSidecarsDidChange
2026-08-30 02:46:01.132 [BG] INFO EKEventStoreAdapter.fetch(interval:operation:):642 label=sync.eventkit-fetch category=default msg="EventKit window fetch cache hit" from=1785465930.657443 generation=1 to=1795837530.657443
2026-08-30 02:46:01.314 [UI] INFO EventsRepository.reload(token:trigger:):459 label=app.events-reload category=default msg="events window reload published" events=1287 generation=12 trigger=notifications:GuessWhoSidecarsDidChange
2026-08-30 02:46:02.026 [UI] INFO SidecarFileWatcher.processSidecarChanges(added:changed:removed:changedKeys:conflictScanScope:):526 label=sync.sidecar-file-watcher category=default msg="sidecar files changed" added=0 changed=1 removed=0
2026-08-30 02:46:02.329 [UI] INFO EventsRepository.reload(token:trigger:):422 label=app.events-reload category=default msg="events window reload started" filter=showAll from=1785465930.657443 generation=13 to=1795837530.657443 trigger=notifications:GuessWhoSidecarsDidChange
2026-08-30 02:46:02.330 [BG] INFO EKEventStoreAdapter.fetch(interval:operation:):642 label=sync.eventkit-fetch category=default msg="EventKit window fetch cache hit" from=1785465930.657443 generation=1 to=1795837530.657443
2026-08-30 02:46:02.535 [UI] INFO EventsRepository.reload(token:trigger:):459 label=app.events-reload category=default msg="events window reload published" events=1287 generation=13 trigger=notifications:GuessWhoSidecarsDidChange
2026-08-30 02:46:02.744 [UI] NOTICE GuessWhoSceneDelegate.runNavBenchmark(appDelegate:):2730 label=app.nav-benchmark category=default msg="nav benchmark: opening organization"
2026-08-30 02:46:02.959 [BG] INFO EKEventStoreAdapter.eventsWithAttendee(matchingEmails:orLocations:in:limit:):301 label=sync.eventkit-fetch category=default msg="EventKit attendee window fetch started" emails=0 fetchID=95998278-AAFB-4F20-A95F-FB001F8EF975 from=1472525162.958926 limit=10 locations=1 to=1819593962.958926
2026-08-30 02:46:03.314 [UI] INFO SidecarFileWatcher.processSidecarChanges(added:changed:removed:changedKeys:conflictScanScope:):526 label=sync.sidecar-file-watcher category=default msg="sidecar files changed" added=0 changed=1 removed=0
2026-08-30 02:46:04.527 [BG] INFO EKEventStoreAdapter.eventsWithAttendee(matchingEmails:orLocations:in:limit:):349 label=sync.eventkit-fetch category=default msg="EventKit attendee window fetch finished" durationMs=1567.510458 events=0 fetchID=95998278-AAFB-4F20-A95F-FB001F8EF975 from=1472525162.958926 to=1819593962.958926
2026-08-30 02:46:04.739 [BG] NOTICE GuessWhoSync.handleCaseA(contact:malformedURLs:):1404 label=sync.contact-save category=default msg="contact save requested" localID=9ED12BAD-A719-4E0A-93CF-38BE39900C3F:ABPerson op=reconcile-caseA-mint
2026-08-30 02:46:06.257 [UI] INFO SidecarFileWatcher.processSidecarChanges(added:changed:removed:changedKeys:conflictScanScope:):526 label=sync.sidecar-file-watcher category=default msg="sidecar files changed" added=1 changed=1 removed=0
2026-08-30 02:46:06.573 [UI] INFO EventsRepository.reload(token:trigger:):422 label=app.events-reload category=default msg="events window reload started" filter=showAll from=1785465930.657443 generation=14 to=1795837530.657443 trigger=notifications:GuessWhoSidecarsDidChange
2026-08-30 02:46:06.573 [BG] INFO EKEventStoreAdapter.fetch(interval:operation:):642 label=sync.eventkit-fetch category=default msg="EventKit window fetch cache hit" from=1785465930.657443 generation=1 to=1795837530.657443
2026-08-30 02:46:06.830 [UI] INFO EventsRepository.reload(token:trigger:):459 label=app.events-reload category=default msg="events window reload published" events=1287 generation=14 trigger=notifications:GuessWhoSidecarsDidChange
2026-08-30 02:46:07.475 [UI] INFO SidecarFileWatcher.processSidecarChanges(added:changed:removed:changedKeys:conflictScanScope:):526 label=sync.sidecar-file-watcher category=default msg="sidecar files changed" added=0 changed=1 removed=0
2026-08-30 02:46:08.050 [UI] INFO SidecarFileWatcher.processSidecarChanges(added:changed:removed:changedKeys:conflictScanScope:):526 label=sync.sidecar-file-watcher category=default msg="sidecar files changed" added=0 changed=1 removed=0
2026-08-30 02:46:08.565 [UI] INFO SidecarFileWatcher.processSidecarChanges(added:changed:removed:changedKeys:conflictScanScope:):526 label=sync.sidecar-file-watcher category=default msg="sidecar files changed" added=0 changed=2 removed=0
2026-08-30 02:46:08.765 [UI] NOTICE GuessWhoSceneDelegate.runNavBenchmark(appDelegate:):2745 label=app.nav-benchmark category=default msg="nav benchmark: opening event"
2026-08-30 02:46:09.194 [UI] INFO EventsRepository.reload(token:trigger:):422 label=app.events-reload category=default msg="events window reload started" filter=showAll from=1785465930.657443 generation=15 to=1795837530.657443 trigger=notifications:GuessWhoSidecarsDidChange
2026-08-30 02:46:09.194 [BG] INFO EKEventStoreAdapter.fetch(interval:operation:):642 label=sync.eventkit-fetch category=default msg="EventKit window fetch cache hit" from=1785465930.657443 generation=1 to=1795837530.657443
2026-08-30 02:46:09.200 [UI] INFO SidecarFileWatcher.processSidecarChanges(added:changed:removed:changedKeys:conflictScanScope:):526 label=sync.sidecar-file-watcher category=default msg="sidecar files changed" added=0 changed=1 removed=0
2026-08-30 02:46:09.401 [UI] INFO EventsRepository.reload(token:trigger:):459 label=app.events-reload category=default msg="events window reload published" events=1287 generation=15 trigger=notifications:GuessWhoSidecarsDidChange
2026-08-30 02:46:09.840 [UI] INFO SidecarFileWatcher.processSidecarChanges(added:changed:removed:changedKeys:conflictScanScope:):526 label=sync.sidecar-file-watcher category=default msg="sidecar files changed" added=0 changed=2 removed=0
2026-08-30 02:46:10.278 [UI] INFO EventsRepository.reload(token:trigger:):422 label=app.events-reload category=default msg="events window reload started" filter=showAll from=1785465930.657443 generation=16 to=1795837530.657443 trigger=notifications:GuessWhoSidecarsDidChange
2026-08-30 02:46:10.278 [BG] INFO EKEventStoreAdapter.fetch(interval:operation:):642 label=sync.eventkit-fetch category=default msg="EventKit window fetch cache hit" from=1785465930.657443 generation=1 to=1795837530.657443
2026-08-30 02:46:10.494 [UI] INFO EventsRepository.reload(token:trigger:):459 label=app.events-reload category=default msg="events window reload published" events=1287 generation=16 trigger=notifications:GuessWhoSidecarsDidChange
2026-08-30 02:46:11.632 [UI] INFO SidecarFileWatcher.processSidecarChanges(added:changed:removed:changedKeys:conflictScanScope:):526 label=sync.sidecar-file-watcher category=default msg="sidecar files changed" added=1 changed=6 removed=0
2026-08-30 02:46:11.939 [UI] INFO EventsRepository.reload(token:trigger:):422 label=app.events-reload category=default msg="events window reload started" filter=showAll from=1785465930.657443 generation=17 to=1795837530.657443 trigger=notifications:GuessWhoSidecarsDidChange
2026-08-30 02:46:11.940 [BG] INFO EKEventStoreAdapter.fetch(interval:operation:):642 label=sync.eventkit-fetch category=default msg="EventKit window fetch cache hit" from=1785465930.657443 generation=1 to=1795837530.657443
2026-08-30 02:46:12.133 [UI] INFO EventsRepository.reload(token:trigger:):459 label=app.events-reload category=default msg="events window reload published" events=1287 generation=17 trigger=notifications:GuessWhoSidecarsDidChange
2026-08-30 02:46:12.763 [UI] INFO SidecarFileWatcher.processSidecarChanges(added:changed:removed:changedKeys:conflictScanScope:):526 label=sync.sidecar-file-watcher category=default msg="sidecar files changed" added=0 changed=2 removed=0
2026-08-30 02:46:13.938 [UI] INFO SidecarFileWatcher.processSidecarChanges(added:changed:removed:changedKeys:conflictScanScope:):526 label=sync.sidecar-file-watcher category=default msg="sidecar files changed" added=0 changed=1 removed=0
2026-08-30 02:46:14.815 [UI] NOTICE GuessWhoSceneDelegate.runNavBenchmark(appDelegate:):2757 label=app.nav-benchmark category=default msg="nav benchmark: opening phantom organization"
2026-08-30 02:46:15.004 [UI] INFO SidecarFileWatcher.processSidecarChanges(added:changed:removed:changedKeys:conflictScanScope:):526 label=sync.sidecar-file-watcher category=default msg="sidecar files changed" added=0 changed=2 removed=0
2026-08-30 02:46:15.318 [UI] INFO EventsRepository.reload(token:trigger:):422 label=app.events-reload category=default msg="events window reload started" filter=showAll from=1785465930.657443 generation=20 to=1795837530.657443 trigger=notifications:GuessWhoSidecarsDidChange
2026-08-30 02:46:15.321 [BG] INFO EKEventStoreAdapter.runUnderlyingWindowFetch(in:):167 label=sync.eventkit-fetch category=default msg="EventKit window fetch started" fetchID=095167F2-04AF-4004-A94B-6707EA2060DB from=1785465930.657443 to=1795837530.657443
2026-08-30 02:46:15.499 [BG] INFO EKEventStoreAdapter.runUnderlyingWindowFetch(in:):178 label=sync.eventkit-fetch category=default msg="EventKit window fetch finished" durationMs=178.622958 events=1570 fetchID=095167F2-04AF-4004-A94B-6707EA2060DB from=1785465930.657443 to=1795837530.657443
2026-08-30 02:46:15.651 [UI] INFO EventsRepository.reload(token:trigger:):459 label=app.events-reload category=default msg="events window reload published" events=1287 generation=20 trigger=notifications:GuessWhoSidecarsDidChange
2026-08-30 02:46:16.503 [UI] INFO SidecarFileWatcher.processSidecarChanges(added:changed:removed:changedKeys:conflictScanScope:):526 label=sync.sidecar-file-watcher category=default msg="sidecar files changed" added=0 changed=1 removed=0
2026-08-30 02:46:17.636 [UI] INFO SidecarFileWatcher.processSidecarChanges(added:changed:removed:changedKeys:conflictScanScope:):526 label=sync.sidecar-file-watcher category=default msg="sidecar files changed" added=0 changed=3 removed=0
2026-08-30 02:46:17.944 [UI] INFO EventsRepository.reload(token:trigger:):422 label=app.events-reload category=default msg="events window reload started" filter=showAll from=1785465930.657443 generation=22 to=1795837530.657443 trigger=notifications:GuessWhoSidecarsDidChange
2026-08-30 02:46:17.947 [BG] INFO EKEventStoreAdapter.fetch(interval:operation:):642 label=sync.eventkit-fetch category=default msg="EventKit window fetch cache hit" from=1785465930.657443 generation=1 to=1795837530.657443
2026-08-30 02:46:18.147 [UI] INFO EventsRepository.reload(token:trigger:):459 label=app.events-reload category=default msg="events window reload published" events=1287 generation=22 trigger=notifications:GuessWhoSidecarsDidChange
2026-08-30 02:46:18.743 [UI] INFO SidecarFileWatcher.processSidecarChanges(added:changed:removed:changedKeys:conflictScanScope:):526 label=sync.sidecar-file-watcher category=default msg="sidecar files changed" added=0 changed=2 removed=0
2026-08-30 02:46:19.556 [UI] INFO SidecarFileWatcher.processSidecarChanges(added:changed:removed:changedKeys:conflictScanScope:):526 label=sync.sidecar-file-watcher category=default msg="sidecar files changed" added=0 changed=1 removed=0
2026-08-30 02:46:19.849 [UI] NOTICE GuessWhoSceneDelegate.runNavBenchmark(appDelegate:):2763 label=app.nav-benchmark category=default msg="nav benchmark: complete"
2026-08-30 02:46:20.556 [UI] INFO SidecarFileWatcher.processSidecarChanges(added:changed:removed:changedKeys:conflictScanScope:):526 label=sync.sidecar-file-watcher category=default msg="sidecar files changed" added=0 changed=2 removed=0
2026-08-30 02:46:20.869 [UI] INFO EventsRepository.reload(token:trigger:):422 label=app.events-reload category=default msg="events window reload started" filter=showAll from=1785465930.657443 generation=25 to=1795837530.657443 trigger=notifications:GuessWhoSidecarsDidChange
2026-08-30 02:46:20.870 [BG] INFO EKEventStoreAdapter.fetch(interval:operation:):642 label=sync.eventkit-fetch category=default msg="EventKit window fetch cache hit" from=1785465930.657443 generation=1 to=1795837530.657443
2026-08-30 02:46:21.316 [UI] INFO EventsRepository.reload(token:trigger:):422 label=app.events-reload category=default msg="events window reload started" filter=showAll from=1785465930.657443 generation=26 to=1795837530.657443 trigger=notifications:GuessWhoContactsDidChange
2026-08-30 02:46:21.316 [BG] INFO EKEventStoreAdapter.fetch(interval:operation:):642 label=sync.eventkit-fetch category=default msg="EventKit window fetch cache hit" from=1785465930.657443 generation=1 to=1795837530.657443
2026-08-30 02:46:21.566 [UI] INFO SidecarFileWatcher.processSidecarChanges(added:changed:removed:changedKeys:conflictScanScope:):526 label=sync.sidecar-file-watcher category=default msg="sidecar files changed" added=0 changed=2 removed=0
2026-08-30 02:46:21.875 [UI] INFO EventsRepository.reload(token:trigger:):422 label=app.events-reload category=default msg="events window reload started" filter=showAll from=1785465930.657443 generation=27 to=1795837530.657443 trigger=notifications:GuessWhoSidecarsDidChange
2026-08-30 02:46:21.875 [BG] INFO EKEventStoreAdapter.fetch(interval:operation:):642 label=sync.eventkit-fetch category=default msg="EventKit window fetch cache hit" from=1785465930.657443 generation=1 to=1795837530.657443
2026-08-30 02:46:22.133 [UI] INFO EventsRepository.reload(token:trigger:):459 label=app.events-reload category=default msg="events window reload published" events=1287 generation=27 trigger=notifications:GuessWhoSidecarsDidChange
