2026-08-30 07:19:32.637 [UI] NOTICE GuessWhoAppDelegate.application(_:didFinishLaunchingWithOptions:):103 label=app.lifecycle category=default msg="app didFinishLaunching" hasLaunchOptions=false hasURL=false
2026-08-30 07:19:32.650 [BG] NOTICE LinkedInLocalhostReceiver.startOnQueue():118 label=app.linkedin-handoff.chrome category=default msg="listening on 127.0.0.1:57231 (allowed origins: chrome-extension://alnaedlcjmeghdgbejppfmjgmhhoaami)"
2026-08-30 07:19:32.859 [UI] NOTICE GuessWhoSceneDelegate.scene(_:willConnectTo:options:):62 label=app.lifecycle.scene category=default msg="scene willConnect" activationState=unattached role=UIWindowSceneSessionRoleApplication scene=AB91902A-A541-4091-A4CA-0738FC6EBE36 urlContextCount=0
2026-08-30 07:19:32.911 [UI] NOTICE GuessWhoSceneDelegate.startNavBenchmarkIfRequested(appDelegate:):2682 label=app.nav-benchmark category=default msg="nav benchmark armed; waiting for startup idle"
2026-08-30 07:19:32.911 [UI] NOTICE GuessWhoSceneDelegate.sceneWillEnterForeground(_:):157 label=app.lifecycle.scene category=default msg="scene willEnterForeground" scene=AB91902A-A541-4091-A4CA-0738FC6EBE36
2026-08-30 07:19:32.911 [UI] NOTICE GuessWhoSceneDelegate.sceneDidBecomeActive(_:):161 label=app.lifecycle.scene category=default msg="scene didBecomeActive" scene=AB91902A-A541-4091-A4CA-0738FC6EBE36
2026-08-30 07:19:33.237 [BG] INFO CNContactStoreAdapter.fetchAll():254 label=sync.contact-fetch category=default msg="full contact fetch started" fetchID=1 generation=0 requestedOptionalKeys=27
2026-08-30 07:19:33.582 [BG] INFO EKEventStoreAdapter.invalidateLocked(reason:):742 label=sync.eventkit-fetch category=default msg="EventKit window cache invalidated" generation=1 reason=calendar-access-request
2026-08-30 07:19:33.582 [BG] INFO EKEventStoreAdapter.invalidateLocked(reason:):1055 label=sync.eventkit-fetch category=default msg="EventKit attendee index cache invalidated" generation=1 reason=calendar-access-request
2026-08-30 07:19:33.646 [UI] INFO EventsRepository.reload(token:trigger:):445 label=app.events-reload category=default msg="events window reload started" filter=showAll from=1785482372.6320949 generation=1 to=1795853972.6320949 trigger=app-launch
2026-08-30 07:19:33.646 [BG] INFO EKEventStoreAdapter.runUnderlyingWindowFetch(in:):233 label=sync.eventkit-fetch category=default msg="EventKit window fetch started" fetchID=018F31C0-A2C6-4DF0-80AF-F82A88924831 from=1785482372.6320949 to=1795853972.6320949
2026-08-30 07:19:33.879 [UI] INFO SidecarFileWatcher.queryDidFinishGathering(_:):309 label=sync.sidecar-file-watcher category=default msg="sidecar metadata query gathered" results=1283
2026-08-30 07:19:34.403 [UI] INFO SidecarFileWatcher.processSidecarChanges(added:changed:removed:changedKeys:changedKinds:conflictScanScope:):622 label=sync.sidecar-file-watcher category=default msg="sidecar files changed" added=1283 changed=0 removed=0
2026-08-30 07:19:34.403 [UI] INFO EventsRepository.scheduleDebouncedReload(_:trigger:):239 label=app.events-reload category=default msg="events sidecar delivery accepted" changedKeys=nil/full-scope changedKinds=nil/full-scope trigger=GuessWhoSidecarsDidChange
2026-08-30 07:19:34.542 [BG] INFO EKEventStoreAdapter.runUnderlyingWindowFetch(in:):244 label=sync.eventkit-fetch category=default msg="EventKit window fetch finished" durationMs=895.358625 events=1569 fetchID=018F31C0-A2C6-4DF0-80AF-F82A88924831 from=1785482372.6320949 to=1795853972.6320949
2026-08-30 07:19:34.706 [UI] INFO EventsRepository.reload(token:trigger:):445 label=app.events-reload category=default msg="events window reload started" filter=showAll from=1785482372.6320949 generation=2 to=1795853972.6320949 trigger=notifications:GuessWhoSidecarsDidChange
2026-08-30 07:19:34.707 [BG] INFO EKEventStoreAdapter.fetch(interval:operation:):768 label=sync.eventkit-fetch category=default msg="EventKit window fetch cache hit" from=1785482372.6320949 generation=1 to=1795853972.6320949
2026-08-30 07:19:34.951 [UI] INFO SidecarFileWatcher.queryDidUpdate(_:):370 label=sync.sidecar-file-watcher category=default msg="sidecar metadata paths mapped" coarsePaths items=704 keys=704 paths=704 scoped=704 unmappedPaths
2026-08-30 07:19:34.959 [UI] INFO EventsRepository.reload(token:trigger:):482 label=app.events-reload category=default msg="events window reload published" events=1285 generation=2 trigger=notifications:GuessWhoSidecarsDidChange
2026-08-30 07:19:35.461 [UI] INFO SidecarFileWatcher.processSidecarChanges(added:changed:removed:changedKeys:changedKinds:conflictScanScope:):622 label=sync.sidecar-file-watcher category=default msg="sidecar files changed" added=0 changed=704 removed=0
2026-08-30 07:19:35.461 [UI] INFO EventsRepository.scheduleDebouncedReload(_:trigger:):229 label=app.events-reload category=default msg="events sidecar delivery dropped" changedKeys=exact/704 changedKinds=place trigger=GuessWhoSidecarsDidChange
2026-08-30 07:19:39.227 [BG] INFO CNContactStoreAdapter.finishFetchAll(_:):277 label=sync.contact-fetch category=default msg="full contact fetch finished" callers=1 contacts=1662 durationMs=5989.715541 fetchID=1
2026-08-30 07:19:39.576 [UI] INFO SidecarFileWatcher.queryDidUpdate(_:):370 label=sync.sidecar-file-watcher category=default msg="sidecar metadata paths mapped" coarsePaths="/Users/adamwulf/Library/Mobile Documents/iCloud~com~milestonemade~guesswho/Documents/groups" items=1 keys=0 paths=1 scoped=1 unmappedPaths
2026-08-30 07:19:40.099 [UI] INFO SidecarFileWatcher.processSidecarChanges(added:changed:removed:changedKeys:changedKinds:conflictScanScope:):622 label=sync.sidecar-file-watcher category=default msg="sidecar files changed" added=0 changed=1 removed=0
2026-08-30 07:19:40.099 [UI] INFO EventsRepository.scheduleDebouncedReload(_:trigger:):229 label=app.events-reload category=default msg="events sidecar delivery dropped" changedKeys=nil/coarse-scope changedKinds=group trigger=GuessWhoSidecarsDidChange
2026-08-30 07:19:40.593 [UI] INFO SidecarFileWatcher.queryDidUpdate(_:):370 label=sync.sidecar-file-watcher category=default msg="sidecar metadata paths mapped" coarsePaths="/Users/adamwulf/Library/Mobile Documents/iCloud~com~milestonemade~guesswho/Documents/groups" items=2 keys=1 paths=2 scoped=2 unmappedPaths
2026-08-30 07:19:40.593 [UI] INFO SidecarFileWatcher.queryDidUpdate(_:):370 label=sync.sidecar-file-watcher category=default msg="sidecar metadata paths mapped" coarsePaths items=1 keys=1 paths=1 scoped=1 unmappedPaths
2026-08-30 07:19:41.095 [UI] INFO SidecarFileWatcher.processSidecarChanges(added:changed:removed:changedKeys:changedKinds:conflictScanScope:):622 label=sync.sidecar-file-watcher category=default msg="sidecar files changed" added=0 changed=3 removed=0
2026-08-30 07:19:41.096 [UI] INFO EventsRepository.scheduleDebouncedReload(_:trigger:):229 label=app.events-reload category=default msg="events sidecar delivery dropped" changedKeys=nil/coarse-scope changedKinds=group trigger=GuessWhoSidecarsDidChange
2026-08-30 07:19:41.694 [UI] INFO SidecarFileWatcher.queryDidUpdate(_:):370 label=sync.sidecar-file-watcher category=default msg="sidecar metadata paths mapped" coarsePaths items=1 keys=1 paths=1 scoped=1 unmappedPaths
2026-08-30 07:19:41.694 [UI] INFO SidecarFileWatcher.queryDidUpdate(_:):370 label=sync.sidecar-file-watcher category=default msg="sidecar metadata paths mapped" coarsePaths="/Users/adamwulf/Library/Mobile Documents/iCloud~com~milestonemade~guesswho/Documents/groups" items=2 keys=1 paths=2 scoped=2 unmappedPaths
2026-08-30 07:19:42.201 [UI] INFO SidecarFileWatcher.processSidecarChanges(added:changed:removed:changedKeys:changedKinds:conflictScanScope:):622 label=sync.sidecar-file-watcher category=default msg="sidecar files changed" added=0 changed=3 removed=0
2026-08-30 07:19:42.201 [UI] INFO EventsRepository.scheduleDebouncedReload(_:trigger:):229 label=app.events-reload category=default msg="events sidecar delivery dropped" changedKeys=nil/coarse-scope changedKinds=group trigger=GuessWhoSidecarsDidChange
2026-08-30 07:19:42.910 [UI] INFO SidecarFileWatcher.queryDidUpdate(_:):370 label=sync.sidecar-file-watcher category=default msg="sidecar metadata paths mapped" coarsePaths items=1 keys=1 paths=1 scoped=1 unmappedPaths
2026-08-30 07:19:43.420 [UI] INFO SidecarFileWatcher.processSidecarChanges(added:changed:removed:changedKeys:changedKinds:conflictScanScope:):622 label=sync.sidecar-file-watcher category=default msg="sidecar files changed" added=0 changed=1 removed=0
2026-08-30 07:19:43.421 [UI] INFO EventsRepository.scheduleDebouncedReload(_:trigger:):229 label=app.events-reload category=default msg="events sidecar delivery dropped" changedKeys=exact/1 changedKinds=group trigger=GuessWhoSidecarsDidChange
2026-08-30 07:19:44.024 [UI] INFO SidecarFileWatcher.queryDidUpdate(_:):370 label=sync.sidecar-file-watcher category=default msg="sidecar metadata paths mapped" coarsePaths="/Users/adamwulf/Library/Mobile Documents/iCloud~com~milestonemade~guesswho/Documents/groups" items=2 keys=1 paths=2 scoped=2 unmappedPaths
2026-08-30 07:19:44.532 [UI] INFO SidecarFileWatcher.processSidecarChanges(added:changed:removed:changedKeys:changedKinds:conflictScanScope:):622 label=sync.sidecar-file-watcher category=default msg="sidecar files changed" added=0 changed=2 removed=0
2026-08-30 07:19:44.532 [UI] INFO EventsRepository.scheduleDebouncedReload(_:trigger:):229 label=app.events-reload category=default msg="events sidecar delivery dropped" changedKeys=nil/coarse-scope changedKinds=group trigger=GuessWhoSidecarsDidChange
2026-08-30 07:19:45.350 [BG] INFO EKEventStoreAdapter.buildAttendeeIndex(in:):431 label=sync.eventkit-fetch category=default msg="EventKit attendee index built" events=15996 from=1472541572.6315222 to=1819610372.6315222
2026-08-30 07:19:48.532 [UI] NOTICE GuessWhoSceneDelegate.runNavBenchmark(appDelegate:):2712 label=app.nav-benchmark category=default msg="nav benchmark: opening contact A"
2026-08-30 07:19:48.627 [BG] INFO EKEventStoreAdapter.eventsWithAttendee(matchingEmails:orLocations:in:limit:):374 label=sync.eventkit-fetch category=default msg="EventKit attendee window fetch started" emails=1 fetchID=FEE54AA2-D95F-4C69-BDAF-8E34537F1AD0 from=1472541572.6315222 limit=10 locations=0 to=1819610372.6315222
2026-08-30 07:19:48.627 [BG] INFO EKEventStoreAdapter.eventsWithAttendee(matchingEmails:orLocations:in:limit:):407 label=sync.eventkit-fetch category=default msg="EventKit attendee window fetch finished" durationMs=0.141292 events=0 fetchID=FEE54AA2-D95F-4C69-BDAF-8E34537F1AD0 from=1472541572.6315222 to=1819610372.6315222
2026-08-30 07:19:49.196 [UI] INFO SidecarFileWatcher.queryDidUpdate(_:):370 label=sync.sidecar-file-watcher category=default msg="sidecar metadata paths mapped" coarsePaths="/Users/adamwulf/Library/Mobile Documents/iCloud~com~milestonemade~guesswho/Documents/contacts" items=1 keys=0 paths=1 scoped=1 unmappedPaths
2026-08-30 07:19:49.201 [UI] NOTICE ContactsRepository.contactPhotoData(for:kind:):1110 label=sync.contact-photo category=default msg="full-size photo unavailable; serving thumbnail" imageDataAvailable=false localID=E97B5916-C8D7-42F8-BDD3-0EB28E36BF6E:ABPerson thumbnailBytes=4986
2026-08-30 07:19:49.722 [UI] INFO SidecarFileWatcher.processSidecarChanges(added:changed:removed:changedKeys:changedKinds:conflictScanScope:):622 label=sync.sidecar-file-watcher category=default msg="sidecar files changed" added=0 changed=1 removed=0
2026-08-30 07:19:49.722 [UI] INFO EventsRepository.scheduleDebouncedReload(_:trigger:):229 label=app.events-reload category=default msg="events sidecar delivery dropped" changedKeys=nil/coarse-scope changedKinds=contact trigger=GuessWhoSidecarsDidChange
2026-08-30 07:19:50.164 [UI] INFO SidecarFileWatcher.queryDidUpdate(_:):370 label=sync.sidecar-file-watcher category=default msg="sidecar metadata paths mapped" coarsePaths="/Users/adamwulf/Library/Mobile Documents/iCloud~com~milestonemade~guesswho/Documents/contacts" items=2 keys=1 paths=2 scoped=2 unmappedPaths
2026-08-30 07:19:50.164 [UI] INFO SidecarFileWatcher.queryDidUpdate(_:):370 label=sync.sidecar-file-watcher category=default msg="sidecar metadata paths mapped" coarsePaths items=1 keys=1 paths=1 scoped=1 unmappedPaths
2026-08-30 07:19:50.676 [UI] INFO SidecarFileWatcher.processSidecarChanges(added:changed:removed:changedKeys:changedKinds:conflictScanScope:):622 label=sync.sidecar-file-watcher category=default msg="sidecar files changed" added=0 changed=3 removed=0
2026-08-30 07:19:50.677 [UI] INFO EventsRepository.scheduleDebouncedReload(_:trigger:):229 label=app.events-reload category=default msg="events sidecar delivery dropped" changedKeys=nil/coarse-scope changedKinds=contact trigger=GuessWhoSidecarsDidChange
2026-08-30 07:19:51.392 [UI] INFO SidecarFileWatcher.queryDidUpdate(_:):370 label=sync.sidecar-file-watcher category=default msg="sidecar metadata paths mapped" coarsePaths items=1 keys=1 paths=1 scoped=1 unmappedPaths
2026-08-30 07:19:51.392 [UI] INFO SidecarFileWatcher.queryDidUpdate(_:):370 label=sync.sidecar-file-watcher category=default msg="sidecar metadata paths mapped" coarsePaths="/Users/adamwulf/Library/Mobile Documents/iCloud~com~milestonemade~guesswho/Documents/contacts" items=2 keys=1 paths=2 scoped=2 unmappedPaths
2026-08-30 07:19:51.901 [UI] INFO SidecarFileWatcher.processSidecarChanges(added:changed:removed:changedKeys:changedKinds:conflictScanScope:):622 label=sync.sidecar-file-watcher category=default msg="sidecar files changed" added=0 changed=3 removed=0
2026-08-30 07:19:51.901 [UI] INFO EventsRepository.scheduleDebouncedReload(_:trigger:):229 label=app.events-reload category=default msg="events sidecar delivery dropped" changedKeys=nil/coarse-scope changedKinds=contact trigger=GuessWhoSidecarsDidChange
2026-08-30 07:19:52.506 [UI] INFO SidecarFileWatcher.queryDidUpdate(_:):370 label=sync.sidecar-file-watcher category=default msg="sidecar metadata paths mapped" coarsePaths="/Users/adamwulf/Library/Mobile Documents/iCloud~com~milestonemade~guesswho/Documents/contacts" items=2 keys=1 paths=2 scoped=2 unmappedPaths
2026-08-30 07:19:53.016 [UI] INFO SidecarFileWatcher.processSidecarChanges(added:changed:removed:changedKeys:changedKinds:conflictScanScope:):622 label=sync.sidecar-file-watcher category=default msg="sidecar files changed" added=0 changed=2 removed=0
2026-08-30 07:19:53.016 [UI] INFO EventsRepository.scheduleDebouncedReload(_:trigger:):229 label=app.events-reload category=default msg="events sidecar delivery dropped" changedKeys=nil/coarse-scope changedKinds=contact trigger=GuessWhoSidecarsDidChange
2026-08-30 07:19:53.734 [UI] INFO SidecarFileWatcher.queryDidUpdate(_:):370 label=sync.sidecar-file-watcher category=default msg="sidecar metadata paths mapped" coarsePaths items=1 keys=1 paths=1 scoped=1 unmappedPaths
2026-08-30 07:19:54.244 [UI] INFO SidecarFileWatcher.processSidecarChanges(added:changed:removed:changedKeys:changedKinds:conflictScanScope:):622 label=sync.sidecar-file-watcher category=default msg="sidecar files changed" added=0 changed=1 removed=0
2026-08-30 07:19:54.245 [UI] INFO EventsRepository.scheduleDebouncedReload(_:trigger:):229 label=app.events-reload category=default msg="events sidecar delivery dropped" changedKeys=exact/1 changedKinds=contact trigger=GuessWhoSidecarsDidChange
2026-08-30 07:19:56.837 [UI] NOTICE GuessWhoSceneDelegate.runNavBenchmark(appDelegate:):2717 label=app.nav-benchmark category=default msg="nav benchmark: opening contact B"
2026-08-30 07:19:56.907 [BG] INFO EKEventStoreAdapter.eventsWithAttendee(matchingEmails:orLocations:in:limit:):374 label=sync.eventkit-fetch category=default msg="EventKit attendee window fetch started" emails=3 fetchID=A9C222ED-E43E-458B-93DC-467A0E9F1404 from=1472541572.6315222 limit=10 locations=0 to=1819610372.6315222
2026-08-30 07:19:56.907 [BG] INFO EKEventStoreAdapter.eventsWithAttendee(matchingEmails:orLocations:in:limit:):407 label=sync.eventkit-fetch category=default msg="EventKit attendee window fetch finished" durationMs=0.131333 events=0 fetchID=A9C222ED-E43E-458B-93DC-467A0E9F1404 from=1472541572.6315222 to=1819610372.6315222
2026-08-30 07:19:57.493 [UI] INFO SidecarFileWatcher.queryDidUpdate(_:):370 label=sync.sidecar-file-watcher category=default msg="sidecar metadata paths mapped" coarsePaths="/Users/adamwulf/Library/Mobile Documents/iCloud~com~milestonemade~guesswho/Documents/contacts" items=1 keys=0 paths=1 scoped=1 unmappedPaths
2026-08-30 07:19:58.024 [UI] INFO SidecarFileWatcher.processSidecarChanges(added:changed:removed:changedKeys:changedKinds:conflictScanScope:):622 label=sync.sidecar-file-watcher category=default msg="sidecar files changed" added=0 changed=1 removed=0
2026-08-30 07:19:58.025 [UI] INFO EventsRepository.scheduleDebouncedReload(_:trigger:):229 label=app.events-reload category=default msg="events sidecar delivery dropped" changedKeys=nil/coarse-scope changedKinds=contact trigger=GuessWhoSidecarsDidChange
2026-08-30 07:19:58.502 [UI] INFO SidecarFileWatcher.queryDidUpdate(_:):370 label=sync.sidecar-file-watcher category=default msg="sidecar metadata paths mapped" coarsePaths="/Users/adamwulf/Library/Mobile Documents/iCloud~com~milestonemade~guesswho/Documents/contacts" items=2 keys=1 paths=2 scoped=2 unmappedPaths
2026-08-30 07:19:58.502 [UI] INFO SidecarFileWatcher.queryDidUpdate(_:):370 label=sync.sidecar-file-watcher category=default msg="sidecar metadata paths mapped" coarsePaths items=1 keys=1 paths=1 scoped=1 unmappedPaths
2026-08-30 07:19:59.010 [UI] INFO SidecarFileWatcher.processSidecarChanges(added:changed:removed:changedKeys:changedKinds:conflictScanScope:):622 label=sync.sidecar-file-watcher category=default msg="sidecar files changed" added=0 changed=3 removed=0
2026-08-30 07:19:59.010 [UI] INFO EventsRepository.scheduleDebouncedReload(_:trigger:):229 label=app.events-reload category=default msg="events sidecar delivery dropped" changedKeys=nil/coarse-scope changedKinds=contact trigger=GuessWhoSidecarsDidChange
2026-08-30 07:19:59.597 [UI] INFO SidecarFileWatcher.queryDidUpdate(_:):370 label=sync.sidecar-file-watcher category=default msg="sidecar metadata paths mapped" coarsePaths="/Users/adamwulf/Library/Mobile Documents/iCloud~com~milestonemade~guesswho/Documents/contacts" items=2 keys=1 paths=2 scoped=2 unmappedPaths
2026-08-30 07:19:59.597 [UI] INFO SidecarFileWatcher.queryDidUpdate(_:):370 label=sync.sidecar-file-watcher category=default msg="sidecar metadata paths mapped" coarsePaths items=1 keys=1 paths=1 scoped=1 unmappedPaths
2026-08-30 07:20:00.110 [UI] INFO SidecarFileWatcher.processSidecarChanges(added:changed:removed:changedKeys:changedKinds:conflictScanScope:):622 label=sync.sidecar-file-watcher category=default msg="sidecar files changed" added=0 changed=3 removed=0
2026-08-30 07:20:00.110 [UI] INFO EventsRepository.scheduleDebouncedReload(_:trigger:):229 label=app.events-reload category=default msg="events sidecar delivery dropped" changedKeys=nil/coarse-scope changedKinds=contact trigger=GuessWhoSidecarsDidChange
2026-08-30 07:20:00.731 [UI] INFO SidecarFileWatcher.queryDidUpdate(_:):370 label=sync.sidecar-file-watcher category=default msg="sidecar metadata paths mapped" coarsePaths="/Users/adamwulf/Library/Mobile Documents/iCloud~com~milestonemade~guesswho/Documents/contacts" items=2 keys=1 paths=2 scoped=2 unmappedPaths
2026-08-30 07:20:01.235 [UI] INFO SidecarFileWatcher.processSidecarChanges(added:changed:removed:changedKeys:changedKinds:conflictScanScope:):622 label=sync.sidecar-file-watcher category=default msg="sidecar files changed" added=0 changed=2 removed=0
2026-08-30 07:20:01.235 [UI] INFO EventsRepository.scheduleDebouncedReload(_:trigger:):229 label=app.events-reload category=default msg="events sidecar delivery dropped" changedKeys=nil/coarse-scope changedKinds=contact trigger=GuessWhoSidecarsDidChange
2026-08-30 07:20:01.960 [UI] INFO SidecarFileWatcher.queryDidUpdate(_:):370 label=sync.sidecar-file-watcher category=default msg="sidecar metadata paths mapped" coarsePaths items=1 keys=1 paths=1 scoped=1 unmappedPaths
2026-08-30 07:20:02.467 [UI] INFO SidecarFileWatcher.processSidecarChanges(added:changed:removed:changedKeys:changedKinds:conflictScanScope:):622 label=sync.sidecar-file-watcher category=default msg="sidecar files changed" added=0 changed=1 removed=0
2026-08-30 07:20:02.468 [UI] INFO EventsRepository.scheduleDebouncedReload(_:trigger:):229 label=app.events-reload category=default msg="events sidecar delivery dropped" changedKeys=exact/1 changedKinds=contact trigger=GuessWhoSidecarsDidChange
2026-08-30 07:20:05.345 [UI] NOTICE GuessWhoSceneDelegate.runNavBenchmark(appDelegate:):2730 label=app.nav-benchmark category=default msg="nav benchmark: opening organization"
2026-08-30 07:20:05.433 [BG] INFO EKEventStoreAdapter.eventsWithAttendee(matchingEmails:orLocations:in:limit:):374 label=sync.eventkit-fetch category=default msg="EventKit attendee window fetch started" emails=0 fetchID=DBE87C4C-E57F-48FF-A0DF-4A40921A088C from=1472541572.6315222 limit=10 locations=1 to=1819610372.6315222
2026-08-30 07:20:05.475 [BG] INFO EKEventStoreAdapter.eventsWithAttendee(matchingEmails:orLocations:in:limit:):407 label=sync.eventkit-fetch category=default msg="EventKit attendee window fetch finished" durationMs=42.7275 events=0 fetchID=DBE87C4C-E57F-48FF-A0DF-4A40921A088C from=1472541572.6315222 to=1819610372.6315222
2026-08-30 07:20:06.107 [UI] INFO SidecarFileWatcher.queryDidUpdate(_:):370 label=sync.sidecar-file-watcher category=default msg="sidecar metadata paths mapped" coarsePaths="/Users/adamwulf/Library/Mobile Documents/iCloud~com~milestonemade~guesswho/Documents/contacts" items=1 keys=0 paths=1 scoped=1 unmappedPaths
2026-08-30 07:20:06.617 [UI] INFO SidecarFileWatcher.processSidecarChanges(added:changed:removed:changedKeys:changedKinds:conflictScanScope:):622 label=sync.sidecar-file-watcher category=default msg="sidecar files changed" added=0 changed=1 removed=0
2026-08-30 07:20:06.617 [UI] INFO EventsRepository.scheduleDebouncedReload(_:trigger:):229 label=app.events-reload category=default msg="events sidecar delivery dropped" changedKeys=nil/coarse-scope changedKinds=contact trigger=GuessWhoSidecarsDidChange
2026-08-30 07:20:07.003 [UI] INFO SidecarFileWatcher.queryDidUpdate(_:):370 label=sync.sidecar-file-watcher category=default msg="sidecar metadata paths mapped" coarsePaths="/Users/adamwulf/Library/Mobile Documents/iCloud~com~milestonemade~guesswho/Documents/contacts" items=2 keys=1 paths=2 scoped=2 unmappedPaths
2026-08-30 07:20:07.003 [UI] INFO SidecarFileWatcher.queryDidUpdate(_:):370 label=sync.sidecar-file-watcher category=default msg="sidecar metadata paths mapped" coarsePaths items=1 keys=1 paths=1 scoped=1 unmappedPaths
2026-08-30 07:20:07.504 [UI] INFO SidecarFileWatcher.processSidecarChanges(added:changed:removed:changedKeys:changedKinds:conflictScanScope:):622 label=sync.sidecar-file-watcher category=default msg="sidecar files changed" added=0 changed=3 removed=0
2026-08-30 07:20:07.506 [UI] INFO EventsRepository.scheduleDebouncedReload(_:trigger:):229 label=app.events-reload category=default msg="events sidecar delivery dropped" changedKeys=nil/coarse-scope changedKinds=contact trigger=GuessWhoSidecarsDidChange
2026-08-30 07:20:08.168 [UI] INFO SidecarFileWatcher.queryDidUpdate(_:):370 label=sync.sidecar-file-watcher category=default msg="sidecar metadata paths mapped" coarsePaths="/Users/adamwulf/Library/Mobile Documents/iCloud~com~milestonemade~guesswho/Documents/contacts" items=2 keys=1 paths=2 scoped=2 unmappedPaths
2026-08-30 07:20:08.168 [UI] INFO SidecarFileWatcher.queryDidUpdate(_:):370 label=sync.sidecar-file-watcher category=default msg="sidecar metadata paths mapped" coarsePaths items=1 keys=1 paths=1 scoped=1 unmappedPaths
2026-08-30 07:20:08.681 [UI] INFO SidecarFileWatcher.processSidecarChanges(added:changed:removed:changedKeys:changedKinds:conflictScanScope:):622 label=sync.sidecar-file-watcher category=default msg="sidecar files changed" added=0 changed=3 removed=0
2026-08-30 07:20:08.681 [UI] INFO EventsRepository.scheduleDebouncedReload(_:trigger:):229 label=app.events-reload category=default msg="events sidecar delivery dropped" changedKeys=nil/coarse-scope changedKinds=contact trigger=GuessWhoSidecarsDidChange
2026-08-30 07:20:09.227 [UI] INFO SidecarFileWatcher.queryDidUpdate(_:):370 label=sync.sidecar-file-watcher category=default msg="sidecar metadata paths mapped" coarsePaths="/Users/adamwulf/Library/Mobile Documents/iCloud~com~milestonemade~guesswho/Documents/contacts" items=2 keys=1 paths=2 scoped=2 unmappedPaths
2026-08-30 07:20:09.734 [UI] INFO SidecarFileWatcher.processSidecarChanges(added:changed:removed:changedKeys:changedKinds:conflictScanScope:):622 label=sync.sidecar-file-watcher category=default msg="sidecar files changed" added=0 changed=2 removed=0
2026-08-30 07:20:09.734 [UI] INFO EventsRepository.scheduleDebouncedReload(_:trigger:):229 label=app.events-reload category=default msg="events sidecar delivery dropped" changedKeys=nil/coarse-scope changedKinds=contact trigger=GuessWhoSidecarsDidChange
2026-08-30 07:20:10.229 [UI] INFO SidecarFileWatcher.queryDidUpdate(_:):370 label=sync.sidecar-file-watcher category=default msg="sidecar metadata paths mapped" coarsePaths items=1 keys=1 paths=1 scoped=1 unmappedPaths
2026-08-30 07:20:10.735 [UI] INFO SidecarFileWatcher.processSidecarChanges(added:changed:removed:changedKeys:changedKinds:conflictScanScope:):622 label=sync.sidecar-file-watcher category=default msg="sidecar files changed" added=0 changed=1 removed=0
2026-08-30 07:20:10.736 [UI] INFO EventsRepository.scheduleDebouncedReload(_:trigger:):229 label=app.events-reload category=default msg="events sidecar delivery dropped" changedKeys=exact/1 changedKinds=contact trigger=GuessWhoSidecarsDidChange
2026-08-30 07:20:11.370 [UI] NOTICE GuessWhoSceneDelegate.runNavBenchmark(appDelegate:):2745 label=app.nav-benchmark category=default msg="nav benchmark: opening event"
2026-08-30 07:20:11.998 [UI] INFO SidecarFileWatcher.queryDidUpdate(_:):370 label=sync.sidecar-file-watcher category=default msg="sidecar metadata paths mapped" coarsePaths="/Users/adamwulf/Library/Mobile Documents/iCloud~com~milestonemade~guesswho/Documents/events" items=1 keys=0 paths=1 scoped=1 unmappedPaths
2026-08-30 07:20:12.522 [UI] INFO SidecarFileWatcher.processSidecarChanges(added:changed:removed:changedKeys:changedKinds:conflictScanScope:):622 label=sync.sidecar-file-watcher category=default msg="sidecar files changed" added=0 changed=1 removed=0
2026-08-30 07:20:12.524 [UI] INFO EventsRepository.scheduleDebouncedReload(_:trigger:):239 label=app.events-reload category=default msg="events sidecar delivery accepted" changedKeys=nil/coarse-scope changedKinds=event trigger=GuessWhoSidecarsDidChange
2026-08-30 07:20:12.836 [UI] INFO EventsRepository.reload(token:trigger:):445 label=app.events-reload category=default msg="events window reload started" filter=showAll from=1785482372.6320949 generation=3 to=1795853972.6320949 trigger=notifications:GuessWhoSidecarsDidChange
2026-08-30 07:20:12.838 [BG] INFO EKEventStoreAdapter.runUnderlyingWindowFetch(in:):233 label=sync.eventkit-fetch category=default msg="EventKit window fetch started" fetchID=15BB04A0-792B-48D4-8D79-F9AD92404A77 from=1785482372.6320949 to=1795853972.6320949
2026-08-30 07:20:12.964 [UI] INFO SidecarFileWatcher.queryDidUpdate(_:):370 label=sync.sidecar-file-watcher category=default msg="sidecar metadata paths mapped" coarsePaths="/Users/adamwulf/Library/Mobile Documents/iCloud~com~milestonemade~guesswho/Documents/events" items=2 keys=1 paths=2 scoped=2 unmappedPaths
2026-08-30 07:20:12.965 [UI] INFO SidecarFileWatcher.queryDidUpdate(_:):370 label=sync.sidecar-file-watcher category=default msg="sidecar metadata paths mapped" coarsePaths items=1 keys=1 paths=1 scoped=1 unmappedPaths
2026-08-30 07:20:13.028 [BG] INFO EKEventStoreAdapter.runUnderlyingWindowFetch(in:):244 label=sync.eventkit-fetch category=default msg="EventKit window fetch finished" durationMs=190.492125 events=1569 fetchID=15BB04A0-792B-48D4-8D79-F9AD92404A77 from=1785482372.6320949 to=1795853972.6320949
2026-08-30 07:20:13.195 [UI] INFO EventsRepository.reload(token:trigger:):482 label=app.events-reload category=default msg="events window reload published" events=1285 generation=3 trigger=notifications:GuessWhoSidecarsDidChange
2026-08-30 07:20:13.471 [UI] INFO SidecarFileWatcher.processSidecarChanges(added:changed:removed:changedKeys:changedKinds:conflictScanScope:):622 label=sync.sidecar-file-watcher category=default msg="sidecar files changed" added=0 changed=3 removed=0
2026-08-30 07:20:13.471 [UI] INFO EventsRepository.scheduleDebouncedReload(_:trigger:):239 label=app.events-reload category=default msg="events sidecar delivery accepted" changedKeys=nil/coarse-scope changedKinds=event trigger=GuessWhoSidecarsDidChange
2026-08-30 07:20:13.785 [UI] INFO EventsRepository.reload(token:trigger:):445 label=app.events-reload category=default msg="events window reload started" filter=showAll from=1785482372.6320949 generation=4 to=1795853972.6320949 trigger=notifications:GuessWhoSidecarsDidChange
2026-08-30 07:20:13.785 [BG] INFO EKEventStoreAdapter.fetch(interval:operation:):768 label=sync.eventkit-fetch category=default msg="EventKit window fetch cache hit" from=1785482372.6320949 generation=1 to=1795853972.6320949
2026-08-30 07:20:13.941 [UI] INFO EventsRepository.reload(token:trigger:):482 label=app.events-reload category=default msg="events window reload published" events=1285 generation=4 trigger=notifications:GuessWhoSidecarsDidChange
2026-08-30 07:20:14.171 [UI] INFO SidecarFileWatcher.queryDidUpdate(_:):370 label=sync.sidecar-file-watcher category=default msg="sidecar metadata paths mapped" coarsePaths="/Users/adamwulf/Library/Mobile Documents/iCloud~com~milestonemade~guesswho/Documents/events" items=2 keys=1 paths=2 scoped=2 unmappedPaths
2026-08-30 07:20:14.171 [UI] INFO SidecarFileWatcher.queryDidUpdate(_:):370 label=sync.sidecar-file-watcher category=default msg="sidecar metadata paths mapped" coarsePaths items=1 keys=1 paths=1 scoped=1 unmappedPaths
2026-08-30 07:20:14.682 [UI] INFO SidecarFileWatcher.processSidecarChanges(added:changed:removed:changedKeys:changedKinds:conflictScanScope:):622 label=sync.sidecar-file-watcher category=default msg="sidecar files changed" added=0 changed=3 removed=0
2026-08-30 07:20:14.683 [UI] INFO EventsRepository.scheduleDebouncedReload(_:trigger:):239 label=app.events-reload category=default msg="events sidecar delivery accepted" changedKeys=nil/coarse-scope changedKinds=event trigger=GuessWhoSidecarsDidChange
2026-08-30 07:20:14.984 [UI] INFO EventsRepository.reload(token:trigger:):445 label=app.events-reload category=default msg="events window reload started" filter=showAll from=1785482372.6320949 generation=5 to=1795853972.6320949 trigger=notifications:GuessWhoSidecarsDidChange
2026-08-30 07:20:14.984 [BG] INFO EKEventStoreAdapter.fetch(interval:operation:):768 label=sync.eventkit-fetch category=default msg="EventKit window fetch cache hit" from=1785482372.6320949 generation=1 to=1795853972.6320949
2026-08-30 07:20:15.153 [UI] INFO EventsRepository.reload(token:trigger:):482 label=app.events-reload category=default msg="events window reload published" events=1285 generation=5 trigger=notifications:GuessWhoSidecarsDidChange
2026-08-30 07:20:15.244 [UI] INFO SidecarFileWatcher.queryDidUpdate(_:):370 label=sync.sidecar-file-watcher category=default msg="sidecar metadata paths mapped" coarsePaths="/Users/adamwulf/Library/Mobile Documents/iCloud~com~milestonemade~guesswho/Documents/events" items=2 keys=1 paths=2 scoped=2 unmappedPaths
2026-08-30 07:20:15.753 [UI] INFO SidecarFileWatcher.processSidecarChanges(added:changed:removed:changedKeys:changedKinds:conflictScanScope:):622 label=sync.sidecar-file-watcher category=default msg="sidecar files changed" added=0 changed=2 removed=0
2026-08-30 07:20:15.753 [UI] INFO EventsRepository.scheduleDebouncedReload(_:trigger:):239 label=app.events-reload category=default msg="events sidecar delivery accepted" changedKeys=nil/coarse-scope changedKinds=event trigger=GuessWhoSidecarsDidChange
2026-08-30 07:20:16.057 [UI] INFO EventsRepository.reload(token:trigger:):445 label=app.events-reload category=default msg="events window reload started" filter=showAll from=1785482372.6320949 generation=6 to=1795853972.6320949 trigger=notifications:GuessWhoSidecarsDidChange
2026-08-30 07:20:16.057 [BG] INFO EKEventStoreAdapter.fetch(interval:operation:):768 label=sync.eventkit-fetch category=default msg="EventKit window fetch cache hit" from=1785482372.6320949 generation=1 to=1795853972.6320949
2026-08-30 07:20:16.206 [UI] INFO EventsRepository.reload(token:trigger:):482 label=app.events-reload category=default msg="events window reload published" events=1285 generation=6 trigger=notifications:GuessWhoSidecarsDidChange
2026-08-30 07:20:16.331 [UI] INFO SidecarFileWatcher.queryDidUpdate(_:):370 label=sync.sidecar-file-watcher category=default msg="sidecar metadata paths mapped" coarsePaths items=1 keys=1 paths=1 scoped=1 unmappedPaths
2026-08-30 07:20:16.839 [UI] INFO SidecarFileWatcher.processSidecarChanges(added:changed:removed:changedKeys:changedKinds:conflictScanScope:):622 label=sync.sidecar-file-watcher category=default msg="sidecar files changed" added=0 changed=1 removed=0
2026-08-30 07:20:16.840 [UI] INFO EventsRepository.scheduleDebouncedReload(_:trigger:):239 label=app.events-reload category=default msg="events sidecar delivery accepted" changedKeys=exact/1 changedKinds=event trigger=GuessWhoSidecarsDidChange
2026-08-30 07:20:17.447 [UI] NOTICE GuessWhoSceneDelegate.runNavBenchmark(appDelegate:):2757 label=app.nav-benchmark category=default msg="nav benchmark: opening phantom organization"
2026-08-30 07:20:22.598 [UI] NOTICE GuessWhoSceneDelegate.runNavBenchmark(appDelegate:):2763 label=app.nav-benchmark category=default msg="nav benchmark: complete"
